kotlin version: 2.0.21
error message: org.jetbrains.kotlin.backend.common.BackendException: Backend Internal error: Exception during IR lowering
File being compiled: D:/Android-Studio-Project/Demo/Transition/navigation/src/main/java/com/xah/navigation/component/TransitionNavHost.kt
The root cause java.lang.RuntimeException was thrown at: org.jetbrains.kotlin.backend.jvm.codegen.FunctionCodegen.generate(FunctionCodegen.kt:47)
	at org.jetbrains.kotlin.backend.common.CodegenUtil.reportBackendException(CodegenUtil.kt:253)
	at org.jetbrains.kotlin.backend.common.CodegenUtil.reportBackendException$default(CodegenUtil.kt:236)
	at org.jetbrains.kotlin.backend.common.phaser.PerformByIrFilePhase.invokeSequential(performByIrFile.kt:65)
	at org.jetbrains.kotlin.backend.common.phaser.PerformByIrFilePhase.invoke(performByIrFile.kt:52)
	at org.jetbrains.kotlin.backend.common.phaser.PerformByIrFilePhase.invoke(performByIrFile.kt:38)
	at org.jetbrains.kotlin.backend.common.phaser.NamedCompilerPhase.phaseBody(CompilerPhase.kt:166)
	at org.jetbrains.kotlin.backend.common.phaser.AbstractNamedCompilerPhase.invoke(CompilerPhase.kt:113)
	at org.jetbrains.kotlin.backend.common.phaser.CompositePhase.invoke(PhaseBuilders.kt:27)
	at org.jetbrains.kotlin.backend.common.phaser.CompositePhase.invoke(PhaseBuilders.kt:14)
	at org.jetbrains.kotlin.backend.common.phaser.NamedCompilerPhase.phaseBody(CompilerPhase.kt:166)
	at org.jetbrains.kotlin.backend.common.phaser.AbstractNamedCompilerPhase.invoke(CompilerPhase.kt:113)
	at org.jetbrains.kotlin.backend.common.phaser.CompilerPhaseKt.invokeToplevel(CompilerPhase.kt:62)
	at org.jetbrains.kotlin.backend.jvm.JvmIrCodegenFactory.invokeCodegen(JvmIrCodegenFactory.kt:371)
	at org.jetbrains.kotlin.codegen.CodegenFactory.generateModule(CodegenFactory.kt:47)
	at org.jetbrains.kotlin.backend.jvm.JvmIrCodegenFactory.generateModuleInFrontendIRMode(JvmIrCodegenFactory.kt:433)
	at org.jetbrains.kotlin.cli.jvm.compiler.pipeline.JvmCompilerPipelineKt.generateCodeFromIr(jvmCompilerPipeline.kt:246)
	at org.jetbrains.kotlin.cli.jvm.compiler.pipeline.JvmCompilerPipelineKt.compileModulesUsingFrontendIrAndLightTree(jvmCompilerPipeline.kt:142)
	at org.jetbrains.kotlin.cli.jvm.K2JVMCompiler.doExecute(K2JVMCompiler.kt:148)
	at org.jetbrains.kotlin.cli.jvm.K2JVMCompiler.doExecute(K2JVMCompiler.kt:43)
	at org.jetbrains.kotlin.cli.common.CLICompiler.execImpl(CLICompiler.kt:103)
	at org.jetbrains.kotlin.cli.common.CLICompiler.execImpl(CLICompiler.kt:49)
	at org.jetbrains.kotlin.cli.common.CLITool.exec(CLITool.kt:101)
	at org.jetbrains.kotlin.incremental.IncrementalJvmCompilerRunner.runCompiler(IncrementalJvmCompilerRunner.kt:464)
	at org.jetbrains.kotlin.incremental.IncrementalJvmCompilerRunner.runCompiler(IncrementalJvmCompilerRunner.kt:73)
	at org.jetbrains.kotlin.incremental.IncrementalCompilerRunner.doCompile(IncrementalCompilerRunner.kt:506)
	at org.jetbrains.kotlin.incremental.IncrementalCompilerRunner.compileImpl(IncrementalCompilerRunner.kt:423)
	at org.jetbrains.kotlin.incremental.IncrementalCompilerRunner.compileNonIncrementally(IncrementalCompilerRunner.kt:301)
	at org.jetbrains.kotlin.incremental.IncrementalCompilerRunner.compile(IncrementalCompilerRunner.kt:129)
	at org.jetbrains.kotlin.daemon.CompileServiceImplBase.execIncrementalCompiler(CompileServiceImpl.kt:675)
	at org.jetbrains.kotlin.daemon.CompileServiceImplBase.access$execIncrementalCompiler(CompileServiceImpl.kt:92)
	at org.jetbrains.kotlin.daemon.CompileServiceImpl.compile(CompileServiceImpl.kt:1660)
	at java.base/jdk.internal.reflect.DirectMethodHandleAccessor.invoke(Unknown Source)
	at java.base/java.lang.reflect.Method.invoke(Unknown Source)
	at java.rmi/sun.rmi.server.UnicastServerRef.dispatch(Unknown Source)
	at java.rmi/sun.rmi.transport.Transport$1.run(Unknown Source)
	at java.rmi/sun.rmi.transport.Transport$1.run(Unknown Source)
	at java.base/java.security.AccessController.doPrivileged(Unknown Source)
	at java.rmi/sun.rmi.transport.Transport.serviceCall(Unknown Source)
	at java.rmi/sun.rmi.transport.tcp.TCPTransport.handleMessages(Unknown Source)
	at java.rmi/sun.rmi.transport.tcp.TCPTransport$ConnectionHandler.run0(Unknown Source)
	at java.rmi/sun.rmi.transport.tcp.TCPTransport$ConnectionHandler.lambda$run$0(Unknown Source)
	at java.base/java.security.AccessController.doPrivileged(Unknown Source)
	at java.rmi/sun.rmi.transport.tcp.TCPTransport$ConnectionHandler.run(Unknown Source)
	at java.base/java.util.concurrent.ThreadPoolExecutor.runWorker(Unknown Source)
	at java.base/java.util.concurrent.ThreadPoolExecutor$Worker.run(Unknown Source)
	at java.base/java.lang.Thread.run(Unknown Source)
Caused by: java.lang.RuntimeException: Exception while generating code for:
FUN name:PageContainer visibility:private modality:FINAL <> (entry:com.xah.navigation.model.BackStackEntry, transition:androidx.compose.animation.core.Transition<com.xah.navigation.model.NavPhase>, isUnder:kotlin.Boolean, effect:com.xah.navigation.model.UnderPageVisualEffect) returnType:kotlin.Unit
  annotations:
    Composable
  VALUE_PARAMETER name:entry index:0 type:com.xah.navigation.model.BackStackEntry
  VALUE_PARAMETER name:transition index:1 type:androidx.compose.animation.core.Transition<com.xah.navigation.model.NavPhase>
  VALUE_PARAMETER name:isUnder index:2 type:kotlin.Boolean
  VALUE_PARAMETER name:effect index:3 type:com.xah.navigation.model.UnderPageVisualEffect
  BLOCK_BODY
    VAR name:state type:com.xah.navigation.state.NavStackState [val]
      CALL 'public final fun <get-current> (): T of androidx.compose.runtime.CompositionLocal [inline] declared in androidx.compose.runtime.CompositionLocal' type=com.xah.navigation.state.NavStackState origin=GET_PROPERTY
        $this: TYPE_OP type=androidx.compose.runtime.CompositionLocal<T of androidx.compose.runtime.CompositionLocal> origin=IMPLICIT_CAST typeOperand=androidx.compose.runtime.CompositionLocal<T of androidx.compose.runtime.CompositionLocal>
          CALL 'public final fun <get-LocalNavStackState> (): androidx.compose.runtime.ProvidableCompositionLocal<com.xah.navigation.state.NavStackState> declared in com.xah.navigation.state.LocalNavStackStateKt' type=androidx.compose.runtime.ProvidableCompositionLocal<com.xah.navigation.state.NavStackState> origin=GET_PROPERTY
    CALL 'public final fun LaunchedEffect (key1: kotlin.Any?, key2: kotlin.Any?, key3: kotlin.Any?, block: @[ExtensionFunctionType] kotlin.coroutines.SuspendFunction1<kotlinx.coroutines.CoroutineScope, kotlin.Unit>): kotlin.Unit declared in androidx.compose.runtime.EffectsKt' type=kotlin.Unit origin=null
      key1: CALL 'public final fun <get-currentState> (): S of androidx.compose.animation.core.Transition declared in androidx.compose.animation.core.Transition' type=com.xah.navigation.model.NavPhase origin=GET_PROPERTY
        $this: GET_VAR 'transition: androidx.compose.animation.core.Transition<com.xah.navigation.model.NavPhase> declared in com.xah.navigation.component.TransitionNavHostKt.PageContainer' type=androidx.compose.animation.core.Transition<com.xah.navigation.model.NavPhase> origin=null
      key2: CALL 'public final fun <get-targetState> (): S of androidx.compose.animation.core.Transition declared in androidx.compose.animation.core.Transition' type=com.xah.navigation.model.NavPhase origin=GET_PROPERTY
        $this: GET_VAR 'transition: androidx.compose.animation.core.Transition<com.xah.navigation.model.NavPhase> declared in com.xah.navigation.component.TransitionNavHostKt.PageContainer' type=androidx.compose.animation.core.Transition<com.xah.navigation.model.NavPhase> origin=null
      key3: CALL 'public final fun <get-isRunning> (): kotlin.Boolean declared in androidx.compose.animation.core.Transition' type=kotlin.Boolean origin=GET_PROPERTY
        $this: GET_VAR 'transition: androidx.compose.animation.core.Transition<com.xah.navigation.model.NavPhase> declared in com.xah.navigation.component.TransitionNavHostKt.PageContainer' type=androidx.compose.animation.core.Transition<com.xah.navigation.model.NavPhase> origin=null
      block: BLOCK type=com.xah.navigation.component.TransitionNavHostKt.PageContainer.<no name provided> origin=null
        CLASS SUSPEND_LAMBDA CLASS name:<no name provided> modality:FINAL visibility:public/*package*/ superTypes:[kotlin.coroutines.jvm.internal.SuspendLambda; kotlin.jvm.functions.Function2<kotlinx.coroutines.CoroutineScope, kotlin.coroutines.Continuation<kotlin.Unit>?, kotlin.Any?>]
          $this: VALUE_PARAMETER INSTANCE_RECEIVER name:<this> type:com.xah.navigation.component.TransitionNavHostKt.PageContainer.<no name provided>
          FIELD name:label type:kotlin.Int visibility:public/*package*/
          CONSTRUCTOR SUSPEND_LAMBDA visibility:public/*package*/ <> ($transition:androidx.compose.animation.core.Transition<com.xah.navigation.model.NavPhase>, $state:com.xah.navigation.state.NavStackState, $entry:com.xah.navigation.model.BackStackEntry, $completion:kotlin.coroutines.Continuation<com.xah.navigation.component.TransitionNavHostKt.PageContainer.<no name provided>>?) returnType:com.xah.navigation.component.TransitionNavHostKt.PageContainer.<no name provided> [primary]
            VALUE_PARAMETER BOUND_VALUE_PARAMETER name:$transition index:0 type:androidx.compose.animation.core.Transition<com.xah.navigation.model.NavPhase>
            VALUE_PARAMETER BOUND_VALUE_PARAMETER name:$state index:1 type:com.xah.navigation.state.NavStackState
            VALUE_PARAMETER BOUND_VALUE_PARAMETER name:$entry index:2 type:com.xah.navigation.model.BackStackEntry
            VALUE_PARAMETER name:$completion index:3 type:kotlin.coroutines.Continuation<com.xah.navigation.component.TransitionNavHostKt.PageContainer.<no name provided>>?
            BLOCK_BODY
              SET_FIELD 'FIELD FIELD_FOR_CAPTURED_VALUE name:$transition type:androidx.compose.animation.core.Transition<com.xah.navigation.model.NavPhase> visibility:public/*package*/ [final] declared in com.xah.navigation.component.TransitionNavHostKt.PageContainer.<no name provided>' type=kotlin.Unit origin=INITIALIZER_OF_FIELD_FOR_CAPTURED_VALUE
                receiver: GET_VAR '<this>: com.xah.navigation.component.TransitionNavHostKt.PageContainer.<no name provided> declared in com.xah.navigation.component.TransitionNavHostKt.PageContainer.<no name provided>' type=com.xah.navigation.component.TransitionNavHostKt.PageContainer.<no name provided> origin=null
                value: GET_VAR '$transition: androidx.compose.animation.core.Transition<com.xah.navigation.model.NavPhase> declared in com.xah.navigation.component.TransitionNavHostKt.PageContainer.<no name provided>.<init>' type=androidx.compose.animation.core.Transition<com.xah.navigation.model.NavPhase> origin=null
              SET_FIELD 'FIELD FIELD_FOR_CAPTURED_VALUE name:$state type:com.xah.navigation.state.NavStackState visibility:public/*package*/ [final] declared in com.xah.navigation.component.TransitionNavHostKt.PageContainer.<no name provided>' type=kotlin.Unit origin=INITIALIZER_OF_FIELD_FOR_CAPTURED_VALUE
                receiver: GET_VAR '<this>: com.xah.navigation.component.TransitionNavHostKt.PageContainer.<no name provided> declared in com.xah.navigation.component.TransitionNavHostKt.PageContainer.<no name provided>' type=com.xah.navigation.component.TransitionNavHostKt.PageContainer.<no name provided> origin=null
                value: GET_VAR '$state: com.xah.navigation.state.NavStackState declared in com.xah.navigation.component.TransitionNavHostKt.PageContainer.<no name provided>.<init>' type=com.xah.navigation.state.NavStackState origin=null
              SET_FIELD 'FIELD FIELD_FOR_CAPTURED_VALUE name:$entry type:com.xah.navigation.model.BackStackEntry visibility:public/*package*/ [final] declared in com.xah.navigation.component.TransitionNavHostKt.PageContainer.<no name provided>' type=kotlin.Unit origin=INITIALIZER_OF_FIELD_FOR_CAPTURED_VALUE
                receiver: GET_VAR '<this>: com.xah.navigation.component.TransitionNavHostKt.PageContainer.<no name provided> declared in com.xah.navigation.component.TransitionNavHostKt.PageContainer.<no name provided>' type=com.xah.navigation.component.TransitionNavHostKt.PageContainer.<no name provided> origin=null
                value: GET_VAR '$entry: com.xah.navigation.model.BackStackEntry declared in com.xah.navigation.component.TransitionNavHostKt.PageContainer.<no name provided>.<init>' type=com.xah.navigation.model.BackStackEntry origin=null
              DELEGATING_CONSTRUCTOR_CALL 'public constructor <init> (arity: kotlin.Int, $completion: kotlin.coroutines.Continuation<kotlin.Any?>?) declared in kotlin.coroutines.jvm.internal.SuspendLambda'
                arity: CONST Int type=kotlin.Int value=2
                $completion: GET_VAR '$completion: kotlin.coroutines.Continuation<com.xah.navigation.component.TransitionNavHostKt.PageContainer.<no name provided>>? declared in com.xah.navigation.component.TransitionNavHostKt.PageContainer.<no name provided>.<init>' type=kotlin.coroutines.Continuation<com.xah.navigation.component.TransitionNavHostKt.PageContainer.<no name provided>>? origin=null
              BLOCK type=kotlin.Unit origin=null
          FUN name:invokeSuspend visibility:public modality:FINAL <> ($this:com.xah.navigation.component.TransitionNavHostKt.PageContainer.<no name provided>, $result:kotlin.Result<kotlin.Any?>) returnType:kotlin.Any?
            overridden:
              protected abstract fun invokeSuspend ($result: kotlin.Result<kotlin.Any?>): kotlin.Any? declared in kotlin.coroutines.jvm.internal.SuspendLambda
            $this: VALUE_PARAMETER INSTANCE_RECEIVER name:<this> type:com.xah.navigation.component.TransitionNavHostKt.PageContainer.<no name provided>
            VALUE_PARAMETER name:$result index:0 type:kotlin.Result<kotlin.Any?>
            BLOCK_BODY
              WHEN type=kotlin.Unit origin=IF
                BRANCH
                  if: CALL 'public final fun ANDAND (arg0: kotlin.Boolean, arg1: kotlin.Boolean): kotlin.Boolean declared in kotlin.internal.ir' type=kotlin.Boolean origin=null
                    arg0: CALL 'public final fun not (): kotlin.Boolean [operator] declared in kotlin.Boolean' type=kotlin.Boolean origin=null
                      $this: CALL 'public final fun <get-isRunning> (): kotlin.Boolean declared in androidx.compose.animation.core.Transition' type=kotlin.Boolean origin=GET_PROPERTY
                        $this: GET_FIELD 'FIELD FIELD_FOR_CAPTURED_VALUE name:$transition type:androidx.compose.animation.core.Transition<com.xah.navigation.model.NavPhase> visibility:public/*package*/ [final] declared in com.xah.navigation.component.TransitionNavHostKt.PageContainer.<no name provided>' type=androidx.compose.animation.core.Transition<com.xah.navigation.model.NavPhase> origin=null
                          receiver: GET_VAR '<this>: com.xah.navigation.component.TransitionNavHostKt.PageContainer.<no name provided> declared in com.xah.navigation.component.TransitionNavHostKt.PageContainer.<no name provided>.invokeSuspend' type=com.xah.navigation.component.TransitionNavHostKt.PageContainer.<no name provided> origin=null
                    arg1: CALL 'public final fun EQEQ (arg0: kotlin.Any?, arg1: kotlin.Any?): kotlin.Boolean declared in kotlin.internal.ir' type=kotlin.Boolean origin=EQEQ
                      arg0: CALL 'public final fun <get-currentState> (): S of androidx.compose.animation.core.Transition declared in androidx.compose.animation.core.Transition' type=com.xah.navigation.model.NavPhase origin=GET_PROPERTY
                        $this: GET_FIELD 'FIELD FIELD_FOR_CAPTURED_VALUE name:$transition type:androidx.compose.animation.core.Transition<com.xah.navigation.model.NavPhase> visibility:public/*package*/ [final] declared in com.xah.navigation.component.TransitionNavHostKt.PageContainer.<no name provided>' type=androidx.compose.animation.core.Transition<com.xah.navigation.model.NavPhase> origin=null
                          receiver: GET_VAR '<this>: com.xah.navigation.component.TransitionNavHostKt.PageContainer.<no name provided> declared in com.xah.navigation.component.TransitionNavHostKt.PageContainer.<no name provided>.invokeSuspend' type=com.xah.navigation.component.TransitionNavHostKt.PageContainer.<no name provided> origin=null
                      arg1: CALL 'public final fun <get-targetState> (): S of androidx.compose.animation.core.Transition declared in androidx.compose.animation.core.Transition' type=com.xah.navigation.model.NavPhase origin=GET_PROPERTY
                        $this: GET_FIELD 'FIELD FIELD_FOR_CAPTURED_VALUE name:$transition type:androidx.compose.animation.core.Transition<com.xah.navigation.model.NavPhase> visibility:public/*package*/ [final] declared in com.xah.navigation.component.TransitionNavHostKt.PageContainer.<no name provided>' type=androidx.compose.animation.core.Transition<com.xah.navigation.model.NavPhase> origin=null
                          receiver: GET_VAR '<this>: com.xah.navigation.component.TransitionNavHostKt.PageContainer.<no name provided> declared in com.xah.navigation.component.TransitionNavHostKt.PageContainer.<no name provided>.invokeSuspend' type=com.xah.navigation.component.TransitionNavHostKt.PageContainer.<no name provided> origin=null
                  then: BLOCK type=kotlin.Unit origin=null
                    BLOCK type=kotlin.Unit origin=WHEN
                      VAR IR_TEMPORARY_VARIABLE name:tmp0_subject type:com.xah.navigation.model.NavPhase [val]
                        CALL 'public final fun <get-currentState> (): S of androidx.compose.animation.core.Transition declared in androidx.compose.animation.core.Transition' type=com.xah.navigation.model.NavPhase origin=GET_PROPERTY
                          $this: GET_FIELD 'FIELD FIELD_FOR_CAPTURED_VALUE name:$transition type:androidx.compose.animation.core.Transition<com.xah.navigation.model.NavPhase> visibility:public/*package*/ [final] declared in com.xah.navigation.component.TransitionNavHostKt.PageContainer.<no name provided>' type=androidx.compose.animation.core.Transition<com.xah.navigation.model.NavPhase> origin=null
                            receiver: GET_VAR '<this>: com.xah.navigation.component.TransitionNavHostKt.PageContainer.<no name provided> declared in com.xah.navigation.component.TransitionNavHostKt.PageContainer.<no name provided>.invokeSuspend' type=com.xah.navigation.component.TransitionNavHostKt.PageContainer.<no name provided> origin=null
                      VAR IR_TEMPORARY_VARIABLE name:tmp0 type:kotlin.Int [val]
                        CALL 'public final fun get (index: kotlin.Int): kotlin.Int [operator] declared in kotlin.IntArray' type=kotlin.Int origin=null
                          $this: GET_FIELD 'FIELD ENUM_MAPPINGS_FOR_WHEN name:$EnumSwitchMapping$0 type:kotlin.IntArray visibility:public [final,static] declared in com.xah.navigation.component.TransitionNavHostKt.PageContainer.<no name provided>.WhenMappings' type=kotlin.IntArray origin=null
                          index: CALL 'public final fun <get-ordinal> (): kotlin.Int [fake_override] declared in com.xah.navigation.model.NavPhase' type=kotlin.Int origin=null
                            $this: GET_VAR 'val tmp0_subject: com.xah.navigation.model.NavPhase [val] declared in com.xah.navigation.component.TransitionNavHostKt.PageContainer.<no name provided>.invokeSuspend' type=com.xah.navigation.model.NavPhase origin=null
                      WHEN type=kotlin.Unit origin=WHEN
                        BRANCH
                          if: CALL 'public final fun EQEQ (arg0: kotlin.Any?, arg1: kotlin.Any?): kotlin.Boolean declared in kotlin.internal.ir' type=kotlin.Boolean origin=null
                            arg0: GET_VAR 'val tmp0: kotlin.Int [val] declared in com.xah.navigation.component.TransitionNavHostKt.PageContainer.<no name provided>.invokeSuspend' type=kotlin.Int origin=null
                            arg1: CONST Int type=kotlin.Int value=1
                          then: BLOCK type=kotlin.Unit origin=null
                            WHEN type=kotlin.Unit origin=IF
                              BRANCH
                                if: CALL 'public final fun ANDAND (arg0: kotlin.Boolean, arg1: kotlin.Boolean): kotlin.Boolean declared in kotlin.internal.ir' type=kotlin.Boolean origin=null
                                  arg0: CALL 'public final fun EQEQ (arg0: kotlin.Any?, arg1: kotlin.Any?): kotlin.Boolean declared in kotlin.internal.ir' type=kotlin.Boolean origin=EQEQ
                                    arg0: CALL 'public final fun <get-currentAction> (): com.xah.navigation.model.NavActionState declared in com.xah.navigation.state.NavStackState' type=com.xah.navigation.model.NavActionState origin=GET_PROPERTY
                                      $this: GET_FIELD 'FIELD FIELD_FOR_CAPTURED_VALUE name:$state type:com.xah.navigation.state.NavStackState visibility:public/*package*/ [final] declared in com.xah.navigation.component.TransitionNavHostKt.PageContainer.<no name provided>' type=com.xah.navigation.state.NavStackState origin=null
                                        receiver: GET_VAR '<this>: com.xah.navigation.component.TransitionNavHostKt.PageContainer.<no name provided> declared in com.xah.navigation.component.TransitionNavHostKt.PageContainer.<no name provided>.invokeSuspend' type=com.xah.navigation.component.TransitionNavHostKt.PageContainer.<no name provided> origin=null
                                    arg1: GET_FIELD 'FIELD FIELD_FOR_ENUM_ENTRY name:PUSH_ING type:com.xah.navigation.model.NavActionState visibility:public [final,static] declared in com.xah.navigation.model.NavActionState' type=com.xah.navigation.model.NavActionState origin=null
                                  arg1: CALL 'public final fun EQEQ (arg0: kotlin.Any?, arg1: kotlin.Any?): kotlin.Boolean declared in kotlin.internal.ir' type=kotlin.Boolean origin=EQEQ
                                    arg0: CALL 'public final fun <get-id> (): kotlin.String declared in com.xah.navigation.model.BackStackEntry' type=kotlin.String origin=GET_PROPERTY
                                      $this: GET_FIELD 'FIELD FIELD_FOR_CAPTURED_VALUE name:$entry type:com.xah.navigation.model.BackStackEntry visibility:public/*package*/ [final] declared in com.xah.navigation.component.TransitionNavHostKt.PageContainer.<no name provided>' type=com.xah.navigation.model.BackStackEntry origin=null
                                        receiver: GET_VAR '<this>: com.xah.navigation.component.TransitionNavHostKt.PageContainer.<no name provided> declared in com.xah.navigation.component.TransitionNavHostKt.PageContainer.<no name provided>.invokeSuspend' type=com.xah.navigation.component.TransitionNavHostKt.PageContainer.<no name provided> origin=null
                                    arg1: BLOCK type=kotlin.String? origin=FOLDED_SAFE_CALL
                                      WHEN type=kotlin.String? origin=FOLDED_SAFE_CALL
                                        BRANCH
                                          if: COMPOSITE type=kotlin.Boolean origin=null
                                            VAR IR_TEMPORARY_VARIABLE name:tmp1_safe_receiver type:com.xah.navigation.model.BackStackEntry? [val]
                                              CALL 'public final fun lastOrNull <T> (): T of kotlin.collections.CollectionsKt.lastOrNull? declared in kotlin.collections.CollectionsKt' type=com.xah.navigation.model.BackStackEntry? origin=null
                                                <T>: com.xah.navigation.model.BackStackEntry
                                                $receiver: CALL 'public final fun <get-stack> (): kotlin.collections.List<com.xah.navigation.model.BackStackEntry> declared in com.xah.navigation.state.NavStackState' type=kotlin.collections.List<com.xah.navigation.model.BackStackEntry> origin=GET_PROPERTY
                                                  $this: GET_FIELD 'FIELD FIELD_FOR_CAPTURED_VALUE name:$state type:com.xah.navigation.state.NavStackState visibility:public/*package*/ [final] declared in com.xah.navigation.component.TransitionNavHostKt.PageContainer.<no name provided>' type=com.xah.navigation.state.NavStackState origin=null
                                                    receiver: GET_VAR '<this>: com.xah.navigation.component.TransitionNavHostKt.PageContainer.<no name provided> declared in com.xah.navigation.component.TransitionNavHostKt.PageContainer.<no name provided>.invokeSuspend' type=com.xah.navigation.component.TransitionNavHostKt.PageContainer.<no name provided> origin=null
                                            CALL 'public final fun not (): kotlin.Boolean [operator] declared in kotlin.Boolean' type=kotlin.Boolean origin=null
                                              $this: CALL 'public final fun EQEQ (arg0: kotlin.Any?, arg1: kotlin.Any?): kotlin.Boolean declared in kotlin.internal.ir' type=kotlin.Boolean origin=null
                                                arg0: GET_VAR 'val tmp1_safe_receiver: com.xah.navigation.model.BackStackEntry? [val] declared in com.xah.navigation.component.TransitionNavHostKt.PageContainer.<no name provided>.invokeSuspend' type=com.xah.navigation.model.BackStackEntry? origin=null
                                                arg1: CONST Null type=kotlin.Nothing? value=null
                                          then: CALL 'public final fun <get-id> (): kotlin.String declared in com.xah.navigation.model.BackStackEntry' type=kotlin.String origin=GET_PROPERTY
                                            $this: GET_VAR 'val tmp1_safe_receiver: com.xah.navigation.model.BackStackEntry? [val] declared in com.xah.navigation.component.TransitionNavHostKt.PageContainer.<no name provided>.invokeSuspend' type=com.xah.navigation.model.BackStackEntry? origin=null
                                        BRANCH
                                          if: CONST Boolean type=kotlin.Boolean value=true
                                          then: CONST Null type=kotlin.Nothing? value=null
                                then: BLOCK type=kotlin.Unit origin=null
                                  CALL 'public final fun onEnteringTransitionComplete (): kotlin.Unit declared in com.xah.navigation.state.NavStackState' type=kotlin.Unit origin=null
                                    $this: GET_FIELD 'FIELD FIELD_FOR_CAPTURED_VALUE name:$state type:com.xah.navigation.state.NavStackState visibility:public/*package*/ [final] declared in com.xah.navigation.component.TransitionNavHostKt.PageContainer.<no name provided>' type=com.xah.navigation.state.NavStackState origin=null
                                      receiver: GET_VAR '<this>: com.xah.navigation.component.TransitionNavHostKt.PageContainer.<no name provided> declared in com.xah.navigation.component.TransitionNavHostKt.PageContainer.<no name provided>.invokeSuspend' type=com.xah.navigation.component.TransitionNavHostKt.PageContainer.<no name provided> origin=null
                        BRANCH
                          if: CALL 'public final fun EQEQ (arg0: kotlin.Any?, arg1: kotlin.Any?): kotlin.Boolean declared in kotlin.internal.ir' type=kotlin.Boolean origin=null
                            arg0: GET_VAR 'val tmp0: kotlin.Int [val] declared in com.xah.navigation.component.TransitionNavHostKt.PageContainer.<no name provided>.invokeSuspend' type=kotlin.Int origin=null
                            arg1: CONST Int type=kotlin.Int value=2
                          then: CALL 'public final fun onExitingTransitionComplete (entryId: kotlin.String): kotlin.Unit declared in com.xah.navigation.state.NavStackState' type=kotlin.Unit origin=null
                            $this: GET_FIELD 'FIELD FIELD_FOR_CAPTURED_VALUE name:$state type:com.xah.navigation.state.NavStackState visibility:public/*package*/ [final] declared in com.xah.navigation.component.TransitionNavHostKt.PageContainer.<no name provided>' type=com.xah.navigation.state.NavStackState origin=null
                              receiver: GET_VAR '<this>: com.xah.navigation.component.TransitionNavHostKt.PageContainer.<no name provided> declared in com.xah.navigation.component.TransitionNavHostKt.PageContainer.<no name provided>.invokeSuspend' type=com.xah.navigation.component.TransitionNavHostKt.PageContainer.<no name provided> origin=null
                            entryId: CALL 'public final fun <get-id> (): kotlin.String declared in com.xah.navigation.model.BackStackEntry' type=kotlin.String origin=GET_PROPERTY
                              $this: GET_FIELD 'FIELD FIELD_FOR_CAPTURED_VALUE name:$entry type:com.xah.navigation.model.BackStackEntry visibility:public/*package*/ [final] declared in com.xah.navigation.component.TransitionNavHostKt.PageContainer.<no name provided>' type=com.xah.navigation.model.BackStackEntry origin=null
                                receiver: GET_VAR '<this>: com.xah.navigation.component.TransitionNavHostKt.PageContainer.<no name provided> declared in com.xah.navigation.component.TransitionNavHostKt.PageContainer.<no name provided>.invokeSuspend' type=com.xah.navigation.component.TransitionNavHostKt.PageContainer.<no name provided> origin=null
                        BRANCH
                          if: CONST Boolean type=kotlin.Boolean value=true
                          then: GET_FIELD 'FIELD FIELD_FOR_OBJECT_INSTANCE name:INSTANCE type:kotlin.Unit visibility:public [final,static] declared in kotlin.Unit' type=kotlin.Unit origin=null
          FUN name:create visibility:public modality:FINAL <> ($this:com.xah.navigation.component.TransitionNavHostKt.PageContainer.<no name provided>, value:kotlin.Any?, $completion:kotlin.coroutines.Continuation<kotlin.Nothing>) returnType:kotlin.coroutines.Continuation<kotlin.Unit>
            overridden:
              public open fun create (value: kotlin.Any?, $completion: kotlin.coroutines.Continuation<kotlin.Nothing>): kotlin.coroutines.Continuation<kotlin.Unit> declared in kotlin.coroutines.jvm.internal.SuspendLambda
            $this: VALUE_PARAMETER INSTANCE_RECEIVER name:<this> type:com.xah.navigation.component.TransitionNavHostKt.PageContainer.<no name provided>
            VALUE_PARAMETER name:value index:0 type:kotlin.Any?
            VALUE_PARAMETER name:$completion index:1 type:kotlin.coroutines.Continuation<kotlin.Nothing>
            BLOCK_BODY
              RETURN type=kotlin.Nothing from='public final fun create (value: kotlin.Any?, $completion: kotlin.coroutines.Continuation<kotlin.Nothing>): kotlin.coroutines.Continuation<kotlin.Unit> declared in com.xah.navigation.component.TransitionNavHostKt.PageContainer.<no name provided>'
                CONSTRUCTOR_CALL 'public/*package*/ constructor <init> ($transition: androidx.compose.animation.core.Transition<com.xah.navigation.model.NavPhase>, $state: com.xah.navigation.state.NavStackState, $entry: com.xah.navigation.model.BackStackEntry, $completion: kotlin.coroutines.Continuation<com.xah.navigation.component.TransitionNavHostKt.PageContainer.<no name provided>>?) [primary] declared in com.xah.navigation.component.TransitionNavHostKt.PageContainer.<no name provided>' type=com.xah.navigation.component.TransitionNavHostKt.PageContainer.<no name provided> origin=null
                  $transition: GET_FIELD 'FIELD FIELD_FOR_CAPTURED_VALUE name:$transition type:androidx.compose.animation.core.Transition<com.xah.navigation.model.NavPhase> visibility:public/*package*/ [final] declared in com.xah.navigation.component.TransitionNavHostKt.PageContainer.<no name provided>' type=androidx.compose.animation.core.Transition<com.xah.navigation.model.NavPhase> origin=null
                    receiver: GET_VAR '<this>: com.xah.navigation.component.TransitionNavHostKt.PageContainer.<no name provided> declared in com.xah.navigation.component.TransitionNavHostKt.PageContainer.<no name provided>.create' type=com.xah.navigation.component.TransitionNavHostKt.PageContainer.<no name provided> origin=null
                  $state: GET_FIELD 'FIELD FIELD_FOR_CAPTURED_VALUE name:$state type:com.xah.navigation.state.NavStackState visibility:public/*package*/ [final] declared in com.xah.navigation.component.TransitionNavHostKt.PageContainer.<no name provided>' type=com.xah.navigation.state.NavStackState origin=null
                    receiver: GET_VAR '<this>: com.xah.navigation.component.TransitionNavHostKt.PageContainer.<no name provided> declared in com.xah.navigation.component.TransitionNavHostKt.PageContainer.<no name provided>.create' type=com.xah.navigation.component.TransitionNavHostKt.PageContainer.<no name provided> origin=null
                  $entry: GET_FIELD 'FIELD FIELD_FOR_CAPTURED_VALUE name:$entry type:com.xah.navigation.model.BackStackEntry visibility:public/*package*/ [final] declared in com.xah.navigation.component.TransitionNavHostKt.PageContainer.<no name provided>' type=com.xah.navigation.model.BackStackEntry origin=null
                    receiver: GET_VAR '<this>: com.xah.navigation.component.TransitionNavHostKt.PageContainer.<no name provided> declared in com.xah.navigation.component.TransitionNavHostKt.PageContainer.<no name provided>.create' type=com.xah.navigation.component.TransitionNavHostKt.PageContainer.<no name provided> origin=null
                  $completion: GET_VAR '$completion: kotlin.coroutines.Continuation<kotlin.Nothing> declared in com.xah.navigation.component.TransitionNavHostKt.PageContainer.<no name provided>.create' type=kotlin.coroutines.Continuation<kotlin.Nothing> origin=null
          FUN name:invoke visibility:public modality:FINAL <> ($this:com.xah.navigation.component.TransitionNavHostKt.PageContainer.<no name provided>, p1:kotlinx.coroutines.CoroutineScope, p2:kotlin.coroutines.Continuation<kotlin.Unit>?) returnType:kotlin.Any?
            overridden:
              public abstract fun invoke (p1: P1 of kotlin.jvm.functions.Function2, p2: P2 of kotlin.jvm.functions.Function2): R of kotlin.jvm.functions.Function2 declared in kotlin.jvm.functions.Function2
            $this: VALUE_PARAMETER INSTANCE_RECEIVER name:<this> type:com.xah.navigation.component.TransitionNavHostKt.PageContainer.<no name provided>
            VALUE_PARAMETER name:p1 index:0 type:kotlinx.coroutines.CoroutineScope
            VALUE_PARAMETER name:p2 index:1 type:kotlin.coroutines.Continuation<kotlin.Unit>?
            BLOCK_BODY
              RETURN type=kotlin.Nothing from='public final fun invoke (p1: kotlinx.coroutines.CoroutineScope, p2: kotlin.coroutines.Continuation<kotlin.Unit>?): kotlin.Any? declared in com.xah.navigation.component.TransitionNavHostKt.PageContainer.<no name provided>'
                CALL 'public final fun invokeSuspend ($result: kotlin.Result<kotlin.Any?>): kotlin.Any? declared in com.xah.navigation.component.TransitionNavHostKt.PageContainer.<no name provided>' type=kotlin.Any? origin=null
                  $this: TYPE_OP type=com.xah.navigation.component.TransitionNavHostKt.PageContainer.<no name provided> origin=IMPLICIT_CAST typeOperand=com.xah.navigation.component.TransitionNavHostKt.PageContainer.<no name provided>
                    CALL 'public final fun create (value: kotlin.Any?, $completion: kotlin.coroutines.Continuation<kotlin.Nothing>): kotlin.coroutines.Continuation<kotlin.Unit> declared in com.xah.navigation.component.TransitionNavHostKt.PageContainer.<no name provided>' type=kotlin.coroutines.Continuation<kotlin.Unit> origin=null
                      $this: GET_VAR '<this>: com.xah.navigation.component.TransitionNavHostKt.PageContainer.<no name provided> declared in com.xah.navigation.component.TransitionNavHostKt.PageContainer.<no name provided>.invoke' type=com.xah.navigation.component.TransitionNavHostKt.PageContainer.<no name provided> origin=null
                      value: GET_VAR 'p1: kotlinx.coroutines.CoroutineScope declared in com.xah.navigation.component.TransitionNavHostKt.PageContainer.<no name provided>.invoke' type=kotlinx.coroutines.CoroutineScope origin=null
                      $completion: GET_VAR 'p2: kotlin.coroutines.Continuation<kotlin.Unit>? declared in com.xah.navigation.component.TransitionNavHostKt.PageContainer.<no name provided>.invoke' type=kotlin.coroutines.Continuation<kotlin.Unit>? origin=null
                  $result: CALL 'public final fun <unsafe-coerce> <T, R> (v: T of kotlin.jvm.internal.<unsafe-coerce>): R of kotlin.jvm.internal.<unsafe-coerce> declared in kotlin.jvm.internal' type=kotlin.Result<kotlin.Any?> origin=null
                    <T>: kotlin.Any?
                    <R>: kotlin.Result<kotlin.Any?>
                    v: GET_FIELD 'FIELD FIELD_FOR_OBJECT_INSTANCE name:INSTANCE type:kotlin.Unit visibility:public [final,static] declared in kotlin.Unit' type=kotlin.Unit origin=null
          CLASS ENUM_MAPPINGS_FOR_WHEN CLASS name:WhenMappings modality:FINAL visibility:public superTypes:[]
            $this: VALUE_PARAMETER INSTANCE_RECEIVER name:<this> type:com.xah.navigation.component.TransitionNavHostKt.PageContainer.<no name provided>.WhenMappings
            FIELD ENUM_MAPPINGS_FOR_WHEN name:$EnumSwitchMapping$0 type:kotlin.IntArray visibility:public [final,static]
            FUN CLASS_STATIC_INITIALIZER name:<clinit> visibility:public/*package*/ modality:FINAL <> () returnType:kotlin.Unit
              BLOCK_BODY
                SET_FIELD 'FIELD ENUM_MAPPINGS_FOR_WHEN name:$EnumSwitchMapping$0 type:kotlin.IntArray visibility:public [final,static] declared in com.xah.navigation.component.TransitionNavHostKt.PageContainer.<no name provided>.WhenMappings' type=kotlin.Unit origin=INITIALIZE_FIELD
                  value: BLOCK type=kotlin.IntArray origin=null
                    VAR IR_TEMPORARY_VARIABLE name:tmp0 type:kotlin.IntArray [val]
                      CONSTRUCTOR_CALL 'public constructor <init> (size: kotlin.Int) [primary] declared in kotlin.IntArray' type=kotlin.IntArray origin=null
                        size: CALL 'public final fun <get-size> (): kotlin.Int declared in kotlin.Array' type=kotlin.Int origin=null
                          $this: CALL 'public final fun values (): kotlin.Array<com.xah.navigation.model.NavPhase> declared in com.xah.navigation.model.NavPhase' type=kotlin.Array<com.xah.navigation.model.NavPhase> origin=null
                    TRY type=kotlin.Unit
                      try: CALL 'public final fun set (index: kotlin.Int, value: kotlin.Int): kotlin.Unit [operator] declared in kotlin.IntArray' type=kotlin.Unit origin=null
                        $this: GET_VAR 'val tmp0: kotlin.IntArray [val] declared in com.xah.navigation.component.TransitionNavHostKt.PageContainer.<no name provided>.WhenMappings.<clinit>' type=kotlin.IntArray origin=null
                        index: CALL 'public final fun <get-ordinal> (): kotlin.Int [fake_override] declared in com.xah.navigation.model.NavPhase' type=kotlin.Int origin=null
                          $this: GET_FIELD 'FIELD FIELD_FOR_ENUM_ENTRY name:Active type:com.xah.navigation.model.NavPhase visibility:public [final,static] declared in com.xah.navigation.model.NavPhase' type=com.xah.navigation.model.NavPhase origin=null
                        value: CONST Int type=kotlin.Int value=1
                      CATCH parameter=val tmp1: java.lang.NoSuchFieldError [val] declared in com.xah.navigation.component.TransitionNavHostKt.PageContainer.<no name provided>.WhenMappings.<clinit>
                        VAR IR_TEMPORARY_VARIABLE name:tmp1 type:java.lang.NoSuchFieldError [val]
                        GET_FIELD 'FIELD FIELD_FOR_OBJECT_INSTANCE name:INSTANCE type:kotlin.Unit visibility:public [final,static] declared in kotlin.Unit' type=kotlin.Unit origin=null
                    TRY type=kotlin.Unit
                      try: CALL 'public final fun set (index: kotlin.Int, value: kotlin.Int): kotlin.Unit [operator] declared in kotlin.IntArray' type=kotlin.Unit origin=null
                        $this: GET_VAR 'val tmp0: kotlin.IntArray [val] declared in com.xah.navigation.component.TransitionNavHostKt.PageContainer.<no name provided>.WhenMappings.<clinit>' type=kotlin.IntArray origin=null
                        index: CALL 'public final fun <get-ordinal> (): kotlin.Int [fake_override] declared in com.xah.navigation.model.NavPhase' type=kotlin.Int origin=null
                          $this: GET_FIELD 'FIELD FIELD_FOR_ENUM_ENTRY name:Exiting type:com.xah.navigation.model.NavPhase visibility:public [final,static] declared in com.xah.navigation.model.NavPhase' type=com.xah.navigation.model.NavPhase origin=null
                        value: CONST Int type=kotlin.Int value=2
                      CATCH parameter=val tmp2: java.lang.NoSuchFieldError [val] declared in com.xah.navigation.component.TransitionNavHostKt.PageContainer.<no name provided>.WhenMappings.<clinit>
                        VAR IR_TEMPORARY_VARIABLE name:tmp2 type:java.lang.NoSuchFieldError [val]
                        GET_FIELD 'FIELD FIELD_FOR_OBJECT_INSTANCE name:INSTANCE type:kotlin.Unit visibility:public [final,static] declared in kotlin.Unit' type=kotlin.Unit origin=null
                    GET_VAR 'val tmp0: kotlin.IntArray [val] declared in com.xah.navigation.component.TransitionNavHostKt.PageContainer.<no name provided>.WhenMappings.<clinit>' type=kotlin.IntArray origin=null
          FIELD FIELD_FOR_CAPTURED_VALUE name:$transition type:androidx.compose.animation.core.Transition<com.xah.navigation.model.NavPhase> visibility:public/*package*/ [final]
          FIELD FIELD_FOR_CAPTURED_VALUE name:$state type:com.xah.navigation.state.NavStackState visibility:public/*package*/ [final]
          FIELD FIELD_FOR_CAPTURED_VALUE name:$entry type:com.xah.navigation.model.BackStackEntry visibility:public/*package*/ [final]
          FUN BRIDGE name:invoke visibility:public modality:OPEN <> ($this:com.xah.navigation.component.TransitionNavHostKt.PageContainer.<no name provided>, p1:kotlin.Any?, p2:kotlin.Any?) returnType:kotlin.Any?
            $this: VALUE_PARAMETER INSTANCE_RECEIVER name:<this> type:com.xah.navigation.component.TransitionNavHostKt.PageContainer.<no name provided>
            VALUE_PARAMETER BRIDGE name:p1 index:0 type:kotlin.Any?
            VALUE_PARAMETER BRIDGE name:p2 index:1 type:kotlin.Any?
            EXPRESSION_BODY
              RETURN type=kotlin.Nothing from='public open fun invoke (p1: kotlin.Any?, p2: kotlin.Any?): kotlin.Any? declared in com.xah.navigation.component.TransitionNavHostKt.PageContainer.<no name provided>'
                CALL 'public final fun invoke (p1: kotlinx.coroutines.CoroutineScope, p2: kotlin.coroutines.Continuation<kotlin.Unit>?): kotlin.Any? declared in com.xah.navigation.component.TransitionNavHostKt.PageContainer.<no name provided>' type=kotlin.Any? origin=BRIDGE_DELEGATION
                  $this: GET_VAR '<this>: com.xah.navigation.component.TransitionNavHostKt.PageContainer.<no name provided> declared in com.xah.navigation.component.TransitionNavHostKt.PageContainer.<no name provided>.invoke' type=com.xah.navigation.component.TransitionNavHostKt.PageContainer.<no name provided> origin=null
                  p1: TYPE_OP type=kotlinx.coroutines.CoroutineScope origin=IMPLICIT_CAST typeOperand=kotlinx.coroutines.CoroutineScope
                    GET_VAR 'p1: kotlin.Any? declared in com.xah.navigation.component.TransitionNavHostKt.PageContainer.<no name provided>.invoke' type=kotlin.Any? origin=null
                  p2: TYPE_OP type=kotlin.coroutines.Continuation<*> origin=IMPLICIT_CAST typeOperand=kotlin.coroutines.Continuation<*>
                    GET_VAR 'p2: kotlin.Any? declared in com.xah.navigation.component.TransitionNavHostKt.PageContainer.<no name provided>.invoke' type=kotlin.Any? origin=null
        CONSTRUCTOR_CALL 'public/*package*/ constructor <init> ($transition: androidx.compose.animation.core.Transition<com.xah.navigation.model.NavPhase>, $state: com.xah.navigation.state.NavStackState, $entry: com.xah.navigation.model.BackStackEntry, $completion: kotlin.coroutines.Continuation<com.xah.navigation.component.TransitionNavHostKt.PageContainer.<no name provided>>?) [primary] declared in com.xah.navigation.component.TransitionNavHostKt.PageContainer.<no name provided>' type=com.xah.navigation.component.TransitionNavHostKt.PageContainer.<no name provided> origin=null
          $transition: GET_VAR 'transition: androidx.compose.animation.core.Transition<com.xah.navigation.model.NavPhase> declared in com.xah.navigation.component.TransitionNavHostKt.PageContainer' type=androidx.compose.animation.core.Transition<com.xah.navigation.model.NavPhase> origin=null
          $state: GET_VAR 'val state: com.xah.navigation.state.NavStackState [val] declared in com.xah.navigation.component.TransitionNavHostKt.PageContainer' type=com.xah.navigation.state.NavStackState origin=null
          $entry: GET_VAR 'entry: com.xah.navigation.model.BackStackEntry declared in com.xah.navigation.component.TransitionNavHostKt.PageContainer' type=com.xah.navigation.model.BackStackEntry origin=null
          $completion: CONST Null type=kotlin.Nothing? value=null
    CALL 'public final fun Box$default (modifier: androidx.compose.ui.Modifier?, contentAlignment: androidx.compose.ui.Alignment?, propagateMinConstraints: kotlin.Boolean, content: @[Composable] @[ExtensionFunctionType] kotlin.Function1<androidx.compose.foundation.layout.BoxScope, kotlin.Unit>, $mask0: kotlin.Int, $handler: kotlin.Any?): kotlin.Unit [inline] declared in androidx.compose.foundation.layout.BoxKt' type=kotlin.Unit origin=DEFAULT_DISPATCH_CALL
      modifier: CALL 'public final fun graphicsLayer (block: @[ExtensionFunctionType] kotlin.Function1<androidx.compose.ui.graphics.GraphicsLayerScope, kotlin.Unit>): androidx.compose.ui.Modifier declared in androidx.compose.ui.graphics.GraphicsLayerModifierKt' type=androidx.compose.ui.Modifier origin=null
        $receiver: CALL 'public final fun clip (shape: androidx.compose.ui.graphics.Shape): androidx.compose.ui.Modifier declared in androidx.compose.ui.draw.ClipKt' type=androidx.compose.ui.Modifier origin=null
          $receiver: CALL 'public final fun let <T, R> (block: kotlin.Function1<T of kotlin.StandardKt.let, R of kotlin.StandardKt.let>): R of kotlin.StandardKt.let [inline] declared in kotlin.StandardKt' type=androidx.compose.ui.Modifier origin=null
            <T>: androidx.compose.ui.Modifier
            <R>: androidx.compose.ui.Modifier
            $receiver: CALL 'public final fun blur-F8QBwvs$default (radius: androidx.compose.ui.unit.Dp, edgeTreatment: androidx.compose.ui.draw.BlurredEdgeTreatment?, $mask0: kotlin.Int, $handler: kotlin.Any?): androidx.compose.ui.Modifier declared in androidx.compose.ui.draw.BlurKt' type=androidx.compose.ui.Modifier origin=DEFAULT_DISPATCH_CALL
              $receiver: CALL 'public final fun drawWithCache (onBuildDrawCache: @[ExtensionFunctionType] kotlin.Function1<androidx.compose.ui.draw.CacheDrawScope, androidx.compose.ui.draw.DrawResult>): androidx.compose.ui.Modifier declared in androidx.compose.ui.draw.DrawModifierKt' type=androidx.compose.ui.Modifier origin=null
                $receiver: CALL 'public final fun fillMaxSize$default (fraction: kotlin.Float, $mask0: kotlin.Int, $handler: kotlin.Any?): androidx.compose.ui.Modifier declared in androidx.compose.foundation.layout.SizeKt' type=androidx.compose.ui.Modifier origin=DEFAULT_DISPATCH_CALL
                  $receiver: GET_FIELD 'FIELD FIELD_FOR_OBJECT_INSTANCE name:Companion type:androidx.compose.ui.Modifier.Companion visibility:public [final,static] declared in androidx.compose.ui.Modifier' type=androidx.compose.ui.Modifier.Companion origin=null
                  fraction: COMPOSITE type=kotlin.Float origin=DEFAULT_VALUE
                    CONST Float type=kotlin.Float value=0.0
                  $mask0: CONST Int type=kotlin.Int value=1
                  $handler: CONST Null type=kotlin.Any? value=null
                onBuildDrawCache: BLOCK type=@[ExtensionFunctionType] kotlin.Function1<androidx.compose.ui.draw.CacheDrawScope, androidx.compose.ui.draw.DrawResult> origin=LAMBDA
                  COMPOSITE type=kotlin.Unit origin=null
                  CALL 'public final fun <jvm-indy> <T> (dynamicCall: T of kotlin.jvm.internal.<jvm-indy>, bootstrapMethodHandle: kotlin.Any, vararg bootstrapMethodArguments: kotlin.Any): T of kotlin.jvm.internal.<jvm-indy> declared in kotlin.jvm.internal' type=@[ExtensionFunctionType] kotlin.Function1<androidx.compose.ui.draw.CacheDrawScope, androidx.compose.ui.draw.DrawResult> origin=null
                    <T>: @[ExtensionFunctionType] kotlin.Function1<androidx.compose.ui.draw.CacheDrawScope, androidx.compose.ui.draw.DrawResult>
                    dynamicCall: CALL 'public final fun invoke (p0: com.xah.navigation.model.UnderPageVisualEffect): @[ExtensionFunctionType] kotlin.Function1<androidx.compose.ui.draw.CacheDrawScope, androidx.compose.ui.draw.DrawResult> declared in kotlin.jvm.internal.invokeDynamic' type=@[ExtensionFunctionType] kotlin.Function1<androidx.compose.ui.draw.CacheDrawScope, androidx.compose.ui.draw.DrawResult> origin=null
                      p0: GET_VAR 'effect: com.xah.navigation.model.UnderPageVisualEffect declared in com.xah.navigation.component.TransitionNavHostKt.PageContainer' type=com.xah.navigation.model.UnderPageVisualEffect origin=null
                    bootstrapMethodHandle: CALL 'public final fun <jvm-method-handle> (tag: kotlin.Int, owner: kotlin.String, name: kotlin.String, descriptor: kotlin.String, isInterface: kotlin.Boolean): kotlin.Any declared in kotlin.jvm.internal' type=kotlin.Any origin=null
                      tag: CONST Int type=kotlin.Int value=6
                      owner: CONST String type=kotlin.String value="java/lang/invoke/LambdaMetafactory"
                      name: CONST String type=kotlin.String value="metafactory"
                      descriptor: CONST String type=kotlin.String value="(Ljava/lang/invoke/MethodHandles$Lookup;Ljava/lang/String;Ljava/lang/invoke/MethodType;Ljava/lang/invoke/MethodType;Ljava/lang/invoke/MethodHandle;Ljava/lang/invoke/MethodType;)Ljava/lang/invoke/CallSite;"
                      isInterface: CONST Boolean type=kotlin.Boolean value=false
                    bootstrapMethodArguments: VARARG type=kotlin.Array<kotlin.Any> varargElementType=kotlin.Any
                      CALL 'public final fun <jvm-original-method-type> (method: kotlin.Any): kotlin.Any declared in kotlin.jvm.internal' type=kotlin.Any origin=null
                        method: RAW_FUNCTION_REFERENCE 'public abstract fun invoke (p1: P1 of kotlin.Function1): R of kotlin.Function1 [operator] declared in kotlin.Function1' type=kotlin.Any
                      RAW_FUNCTION_REFERENCE 'private final fun PageContainer$lambda$13 ($effect: com.xah.navigation.model.UnderPageVisualEffect, $this$drawWithCache: androidx.compose.ui.draw.CacheDrawScope): androidx.compose.ui.draw.DrawResult declared in com.xah.navigation.component.TransitionNavHostKt' type=kotlin.Any
                      CALL 'public final fun <jvm-original-method-type> (method: kotlin.Any): kotlin.Any declared in kotlin.jvm.internal' type=kotlin.Any origin=null
                        method: RAW_FUNCTION_REFERENCE 'public abstract fun invoke (p1: androidx.compose.ui.draw.CacheDrawScope): androidx.compose.ui.draw.DrawResult [fake_override,operator] declared in kotlin.jvm.internal.invokeDynamic.<fake>' type=kotlin.Any
              radius: CALL 'public final fun getBlur-D9Ej5fM (): androidx.compose.ui.unit.Dp declared in com.xah.navigation.model.UnderPageVisualEffect' type=androidx.compose.ui.unit.Dp origin=GET_PROPERTY
                $this: GET_VAR 'effect: com.xah.navigation.model.UnderPageVisualEffect declared in com.xah.navigation.component.TransitionNavHostKt.PageContainer' type=com.xah.navigation.model.UnderPageVisualEffect origin=null
              edgeTreatment: COMPOSITE type=androidx.compose.ui.draw.BlurredEdgeTreatment? origin=DEFAULT_VALUE
                CONST Null type=androidx.compose.ui.draw.BlurredEdgeTreatment? value=null
              $mask0: CONST Int type=kotlin.Int value=2
              $handler: CONST Null type=kotlin.Any? value=null
            block: BLOCK type=kotlin.Function1<androidx.compose.ui.Modifier, androidx.compose.ui.Modifier> origin=LAMBDA
              COMPOSITE type=kotlin.Unit origin=null
              FUNCTION_REFERENCE 'private final fun PageContainer$lambda$15 ($isUnder: kotlin.Boolean, $effect: com.xah.navigation.model.UnderPageVisualEffect, it: androidx.compose.ui.Modifier): androidx.compose.ui.Modifier declared in com.xah.navigation.component.TransitionNavHostKt' type=kotlin.Function1<androidx.compose.ui.Modifier, androidx.compose.ui.Modifier> origin=INLINE_LAMBDA reflectionTarget=null
                $isUnder: GET_VAR 'isUnder: kotlin.Boolean declared in com.xah.navigation.component.TransitionNavHostKt.PageContainer' type=kotlin.Boolean origin=null
                $effect: GET_VAR 'effect: com.xah.navigation.model.UnderPageVisualEffect declared in com.xah.navigation.component.TransitionNavHostKt.PageContainer' type=com.xah.navigation.model.UnderPageVisualEffect origin=null
          shape: CALL 'public final fun RoundedCornerShape-0680j_4 (size: androidx.compose.ui.unit.Dp): androidx.compose.foundation.shape.RoundedCornerShape declared in androidx.compose.foundation.shape.RoundedCornerShapeKt' type=androidx.compose.foundation.shape.RoundedCornerShape origin=null
            size: CALL 'public final fun getCorner-D9Ej5fM (): androidx.compose.ui.unit.Dp declared in com.xah.navigation.model.UnderPageVisualEffect' type=androidx.compose.ui.unit.Dp origin=GET_PROPERTY
              $this: GET_VAR 'effect: com.xah.navigation.model.UnderPageVisualEffect declared in com.xah.navigation.component.TransitionNavHostKt.PageContainer' type=com.xah.navigation.model.UnderPageVisualEffect origin=null
        block: BLOCK type=@[ExtensionFunctionType] kotlin.Function1<androidx.compose.ui.graphics.GraphicsLayerScope, kotlin.Unit> origin=LAMBDA
          COMPOSITE type=kotlin.Unit origin=null
          CALL 'public final fun <jvm-indy> <T> (dynamicCall: T of kotlin.jvm.internal.<jvm-indy>, bootstrapMethodHandle: kotlin.Any, vararg bootstrapMethodArguments: kotlin.Any): T of kotlin.jvm.internal.<jvm-indy> declared in kotlin.jvm.internal' type=@[ExtensionFunctionType] kotlin.Function1<androidx.compose.ui.graphics.GraphicsLayerScope, kotlin.Unit> origin=null
            <T>: @[ExtensionFunctionType] kotlin.Function1<androidx.compose.ui.graphics.GraphicsLayerScope, kotlin.Unit>
            dynamicCall: CALL 'public final fun invoke (p0: com.xah.navigation.model.UnderPageVisualEffect): @[ExtensionFunctionType] kotlin.Function1<androidx.compose.ui.graphics.GraphicsLayerScope, kotlin.Unit> declared in kotlin.jvm.internal.invokeDynamic' type=@[ExtensionFunctionType] kotlin.Function1<androidx.compose.ui.graphics.GraphicsLayerScope, kotlin.Unit> origin=null
              p0: GET_VAR 'effect: com.xah.navigation.model.UnderPageVisualEffect declared in com.xah.navigation.component.TransitionNavHostKt.PageContainer' type=com.xah.navigation.model.UnderPageVisualEffect origin=null
            bootstrapMethodHandle: CALL 'public final fun <jvm-method-handle> (tag: kotlin.Int, owner: kotlin.String, name: kotlin.String, descriptor: kotlin.String, isInterface: kotlin.Boolean): kotlin.Any declared in kotlin.jvm.internal' type=kotlin.Any origin=null
              tag: CONST Int type=kotlin.Int value=6
              owner: CONST String type=kotlin.String value="java/lang/invoke/LambdaMetafactory"
              name: CONST String type=kotlin.String value="metafactory"
              descriptor: CONST String type=kotlin.String value="(Ljava/lang/invoke/MethodHandles$Lookup;Ljava/lang/String;Ljava/lang/invoke/MethodType;Ljava/lang/invoke/MethodType;Ljava/lang/invoke/MethodHandle;Ljava/lang/invoke/MethodType;)Ljava/lang/invoke/CallSite;"
              isInterface: CONST Boolean type=kotlin.Boolean value=false
            bootstrapMethodArguments: VARARG type=kotlin.Array<kotlin.Any> varargElementType=kotlin.Any
              CALL 'public final fun <jvm-original-method-type> (method: kotlin.Any): kotlin.Any declared in kotlin.jvm.internal' type=kotlin.Any origin=null
                method: RAW_FUNCTION_REFERENCE 'public abstract fun invoke (p1: P1 of kotlin.Function1): R of kotlin.Function1 [operator] declared in kotlin.Function1' type=kotlin.Any
              RAW_FUNCTION_REFERENCE 'private final fun PageContainer$lambda$16 ($effect: com.xah.navigation.model.UnderPageVisualEffect, $this$graphicsLayer: androidx.compose.ui.graphics.GraphicsLayerScope): kotlin.Unit? declared in com.xah.navigation.component.TransitionNavHostKt' type=kotlin.Any
              CALL 'public final fun <jvm-original-method-type> (method: kotlin.Any): kotlin.Any declared in kotlin.jvm.internal' type=kotlin.Any origin=null
                method: RAW_FUNCTION_REFERENCE 'public abstract fun invoke (p1: androidx.compose.ui.graphics.GraphicsLayerScope): kotlin.Unit? [fake_override,operator] declared in kotlin.jvm.internal.invokeDynamic.<fake>' type=kotlin.Any
      contentAlignment: COMPOSITE type=androidx.compose.ui.Alignment? origin=DEFAULT_VALUE
        CONST Null type=androidx.compose.ui.Alignment? value=null
      propagateMinConstraints: COMPOSITE type=kotlin.Boolean origin=DEFAULT_VALUE
        CONST Boolean type=kotlin.Boolean value=false
      content: BLOCK type=@[ExtensionFunctionType] kotlin.Function1<androidx.compose.foundation.layout.BoxScope, kotlin.Unit> origin=LAMBDA
        COMPOSITE type=kotlin.Unit origin=null
        FUNCTION_REFERENCE 'private final fun PageContainer$lambda$17 ($entry: com.xah.navigation.model.BackStackEntry): kotlin.Unit declared in com.xah.navigation.component.TransitionNavHostKt' type=@[ExtensionFunctionType] kotlin.Function1<androidx.compose.foundation.layout.BoxScope, kotlin.Unit> origin=INLINE_LAMBDA reflectionTarget=null
          $entry: GET_VAR 'entry: com.xah.navigation.model.BackStackEntry declared in com.xah.navigation.component.TransitionNavHostKt.PageContainer' type=com.xah.navigation.model.BackStackEntry origin=null
      $mask0: CONST Int type=kotlin.Int value=6
      $handler: CONST Null type=kotlin.Any? value=null

	at org.jetbrains.kotlin.backend.jvm.codegen.FunctionCodegen.generate(FunctionCodegen.kt:47)
	at org.jetbrains.kotlin.backend.jvm.codegen.FunctionCodegen.generate$default(FunctionCodegen.kt:40)
	at org.jetbrains.kotlin.backend.jvm.codegen.ClassCodegen.generateMethodNode(ClassCodegen.kt:406)
	at org.jetbrains.kotlin.backend.jvm.codegen.ClassCodegen.generateMethod(ClassCodegen.kt:423)
	at org.jetbrains.kotlin.backend.jvm.codegen.ClassCodegen.generate(ClassCodegen.kt:168)
	at org.jetbrains.kotlin.backend.jvm.FileCodegen.lower(JvmPhases.kt:39)
	at org.jetbrains.kotlin.backend.common.phaser.PhaseFactoriesKt.createFilePhase$lambda$4(PhaseFactories.kt:71)
	at org.jetbrains.kotlin.backend.common.phaser.PhaseBuildersKt$createSimpleNamedCompilerPhase$1.phaseBody(PhaseBuilders.kt:69)
	at org.jetbrains.kotlin.backend.common.phaser.SimpleNamedCompilerPhase.phaseBody(CompilerPhase.kt:226)
	at org.jetbrains.kotlin.backend.common.phaser.AbstractNamedCompilerPhase.invoke(CompilerPhase.kt:113)
	at org.jetbrains.kotlin.backend.common.phaser.PerformByIrFilePhase.invokeSequential(performByIrFile.kt:62)
	... 43 more
Caused by: org.jetbrains.kotlin.codegen.CompilationException: Back-end (JVM) Internal error: Couldn't inline method call: CALL 'public final fun <get-current> (): T of androidx.compose.runtime.CompositionLocal [inline] declared in androidx.compose.runtime.CompositionLocal' type=com.xah.navigation.state.NavStackState origin=GET_PROPERTY
Method: null
File is unknown
The root cause java.lang.IllegalStateException was thrown at: org.jetbrains.kotlin.codegen.inline.SourceCompilerForInlineKt.getMethodNode(SourceCompilerForInline.kt:118)
	at org.jetbrains.kotlin.codegen.inline.InlineCodegen.performInline(InlineCodegen.kt:65)
	at org.jetbrains.kotlin.backend.jvm.codegen.IrInlineCodegen.genInlineCall(IrInlineCodegen.kt:163)
	at org.jetbrains.kotlin.backend.jvm.codegen.IrInlineCallGenerator.genCall(IrInlineCallGenerator.kt:36)
	at org.jetbrains.kotlin.backend.jvm.codegen.ExpressionCodegen.visitCall(ExpressionCodegen.kt:653)
	at org.jetbrains.kotlin.backend.jvm.codegen.ExpressionCodegen.visitCall(ExpressionCodegen.kt:138)
	at org.jetbrains.kotlin.ir.expressions.IrCall.accept(IrCall.kt:24)
	at org.jetbrains.kotlin.backend.jvm.codegen.ExpressionCodegen.visitVariable(ExpressionCodegen.kt:790)
	at org.jetbrains.kotlin.backend.jvm.codegen.ExpressionCodegen.visitVariable(ExpressionCodegen.kt:138)
	at org.jetbrains.kotlin.ir.declarations.IrVariable.accept(IrVariable.kt:36)
	at org.jetbrains.kotlin.backend.jvm.codegen.ExpressionCodegen.visitStatementContainer(ExpressionCodegen.kt:579)
	at org.jetbrains.kotlin.backend.jvm.codegen.ExpressionCodegen.visitBlockBody(ExpressionCodegen.kt:584)
	at org.jetbrains.kotlin.backend.jvm.codegen.ExpressionCodegen.visitBlockBody(ExpressionCodegen.kt:138)
	at org.jetbrains.kotlin.ir.expressions.IrBlockBody.accept(IrBlockBody.kt:20)
	at org.jetbrains.kotlin.backend.jvm.codegen.ExpressionCodegen.generate(ExpressionCodegen.kt:240)
	at org.jetbrains.kotlin.backend.jvm.codegen.FunctionCodegen.doGenerate(FunctionCodegen.kt:123)
	at org.jetbrains.kotlin.backend.jvm.codegen.FunctionCodegen.generate(FunctionCodegen.kt:44)
	... 53 more
Caused by: java.lang.IllegalStateException: couldn't find inline method Landroidx/compose/runtime/CompositionLocal;.getCurrent()Ljava/lang/Object;
	at org.jetbrains.kotlin.codegen.inline.SourceCompilerForInlineKt.getMethodNode(SourceCompilerForInline.kt:118)
	at org.jetbrains.kotlin.codegen.inline.SourceCompilerForInlineKt.loadCompiledInlineFunction(SourceCompilerForInline.kt:96)
	at org.jetbrains.kotlin.backend.jvm.codegen.IrSourceCompilerForInline.compileInlineFunction(IrSourceCompilerForInline.kt:91)
	at org.jetbrains.kotlin.codegen.inline.InlineCodegen.compileInline(InlineCodegen.kt:43)
	at org.jetbrains.kotlin.codegen.inline.InlineCodegen.performInline(InlineCodegen.kt:51)
	... 68 more


